// Jest Snapshot v1, https://goo.gl/fbAQLP

exports[`App should render correctly 1`] = `
<div>
  <h1>
     Top of App 
  </h1>
  <ContainerAverageStars />
  <h1>
     Break! 
  </h1>
  <ContainerReviews />
  <h1>
     End Module 
  </h1>
</div>
`;
