// Jest Snapshot v1, https://goo.gl/fbAQLP

exports[`SearchReviews should render correctly 1`] = `
<div>
   Search Reviews  
</div>
`;
