// Jest Snapshot v1, https://goo.gl/fbAQLP

exports[`TotalReviews should render correctly 1`] = `
<styled.span>
  <styled.span>
     
    18
     Reviews 
  </styled.span>
  <styled.span>
    <StarsOverall
      overallAvg={2.4}
    />
  </styled.span>
</styled.span>
`;
